  Determining projects to restore...
  All projects are up-to-date for restore.
  BookStore.Domain -> C:\Users\barak\source\repos\BookStore2\BookStore.Domain\bin\Debug\net8.0\BookStore.Domain.dll
  BookStore.Service -> C:\Users\barak\source\repos\BookStore2\BookStore.Service\bin\Debug\net8.0\BookStore.Service.dll
C:\Users\barak\source\repos\BookStore2\BookStore.Application\Services\UserContextService.cs(4,17): error CS0234: The type or namespace name 'AspNetCore' does not exist in the namespace 'Microsoft' (are you missing an assembly reference?) [C:\Users\barak\source\repos\BookStore2\BookStore.Application\BookStore.Application.csproj]
C:\Users\barak\source\repos\BookStore2\BookStore.Application\Behaviors\ValidationBehavior.cs(6,18): warning CS8714: The type 'TRequest' cannot be used as type parameter 'TRequest' in the generic type or method 'IPipelineBehavior<TRequest, TResponse>'. Nullability of type argument 'TRequest' doesn't match 'notnull' constraint. [C:\Users\barak\source\repos\BookStore2\BookStore.Application\BookStore.Application.csproj]
C:\Users\barak\source\repos\BookStore2\BookStore.Application\Services\UserContextService.cs(13,26): error CS0246: The type or namespace name 'IHttpContextAccessor' could not be found (are you missing a using directive or an assembly reference?) [C:\Users\barak\source\repos\BookStore2\BookStore.Application\BookStore.Application.csproj]
C:\Users\barak\source\repos\BookStore2\BookStore.Application\Services\UserContextService.cs(15,35): error CS0246: The type or namespace name 'IHttpContextAccessor' could not be found (are you missing a using directive or an assembly reference?) [C:\Users\barak\source\repos\BookStore2\BookStore.Application\BookStore.Application.csproj]
C:\Users\barak\source\repos\BookStore2\BookStore.Application\Features\Books\Queries\Handlers\BookQueryHandler.cs(13,18): warning CS8631: The type 'BookStore.Application.Features.Books.Queries.Models.GetAllBooksQuery' cannot be used as type parameter 'TRequest' in the generic type or method 'IRequestHandler<TRequest, TResponse>'. Nullability of type argument 'BookStore.Application.Features.Books.Queries.Models.GetAllBooksQuery' doesn't match constraint type 'MediatR.IRequest<System.Collections.Generic.List<BookStore.Application.DTOs.Book.BookSummaryDTO?>>'. [C:\Users\barak\source\repos\BookStore2\BookStore.Application\BookStore.Application.csproj]

Build FAILED.

C:\Users\barak\source\repos\BookStore2\BookStore.Application\Behaviors\ValidationBehavior.cs(6,18): warning CS8714: The type 'TRequest' cannot be used as type parameter 'TRequest' in the generic type or method 'IPipelineBehavior<TRequest, TResponse>'. Nullability of type argument 'TRequest' doesn't match 'notnull' constraint. [C:\Users\barak\source\repos\BookStore2\BookStore.Application\BookStore.Application.csproj]
C:\Users\barak\source\repos\BookStore2\BookStore.Application\Features\Books\Queries\Handlers\BookQueryHandler.cs(13,18): warning CS8631: The type 'BookStore.Application.Features.Books.Queries.Models.GetAllBooksQuery' cannot be used as type parameter 'TRequest' in the generic type or method 'IRequestHandler<TRequest, TResponse>'. Nullability of type argument 'BookStore.Application.Features.Books.Queries.Models.GetAllBooksQuery' doesn't match constraint type 'MediatR.IRequest<System.Collections.Generic.List<BookStore.Application.DTOs.Book.BookSummaryDTO?>>'. [C:\Users\barak\source\repos\BookStore2\BookStore.Application\BookStore.Application.csproj]
C:\Users\barak\source\repos\BookStore2\BookStore.Application\Services\UserContextService.cs(4,17): error CS0234: The type or namespace name 'AspNetCore' does not exist in the namespace 'Microsoft' (are you missing an assembly reference?) [C:\Users\barak\source\repos\BookStore2\BookStore.Application\BookStore.Application.csproj]
C:\Users\barak\source\repos\BookStore2\BookStore.Application\Services\UserContextService.cs(13,26): error CS0246: The type or namespace name 'IHttpContextAccessor' could not be found (are you missing a using directive or an assembly reference?) [C:\Users\barak\source\repos\BookStore2\BookStore.Application\BookStore.Application.csproj]
C:\Users\barak\source\repos\BookStore2\BookStore.Application\Services\UserContextService.cs(15,35): error CS0246: The type or namespace name 'IHttpContextAccessor' could not be found (are you missing a using directive or an assembly reference?) [C:\Users\barak\source\repos\BookStore2\BookStore.Application\BookStore.Application.csproj]
    2 Warning(s)
    3 Error(s)

Time Elapsed 00:00:45.14
