C:\Users\barak\source\repos\BookStore2\BookStore.Infrastructure\Bases\GenericRepository.cs(26,43): error CS0246: The type or namespace name 'ISpecification<>' could not be found (are you missing a using directive or an assembly reference?) [C:\Users\barak\source\repos\BookStore2\BookStore.Infrastructure\BookStore.Infrastructure.csproj]
C:\Users\barak\source\repos\BookStore2\BookStore.Infrastructure\Bases\GenericRepository.cs(61,65): error CS0246: The type or namespace name 'ISpecification<>' could not be found (are you missing a using directive or an assembly reference?) [C:\Users\barak\source\repos\BookStore2\BookStore.Infrastructure\BookStore.Infrastructure.csproj]
C:\Users\barak\source\repos\BookStore2\BookStore.Infrastructure\Specifications\SpecificationEvaluator.cs(8,72): error CS0246: The type or namespace name 'ISpecification<>' could not be found (are you missing a using directive or an assembly reference?) [C:\Users\barak\source\repos\BookStore2\BookStore.Infrastructure\BookStore.Infrastructure.csproj]
C:\Users\barak\source\repos\BookStore2\BookStore.Infrastructure\Bases\GenericRepository.cs(143,91): error CS0246: The type or namespace name 'ISpecification<>' could not be found (are you missing a using directive or an assembly reference?) [C:\Users\barak\source\repos\BookStore2\BookStore.Infrastructure\BookStore.Infrastructure.csproj]
C:\Users\barak\source\repos\BookStore2\BookStore.Infrastructure\Bases\GenericRepository.cs(154,50): error CS0246: The type or namespace name 'ISpecification<>' could not be found (are you missing a using directive or an assembly reference?) [C:\Users\barak\source\repos\BookStore2\BookStore.Infrastructure\BookStore.Infrastructure.csproj]
C:\Users\barak\source\repos\BookStore2\BookStore.Infrastructure\Bases\GenericRepository.cs(10,41): error CS0535: 'GenericRepository<T>' does not implement interface member 'IGenericRepository<T>.GetAllWithSpecAsync(ISpecification<T>)' [C:\Users\barak\source\repos\BookStore2\BookStore.Infrastructure\BookStore.Infrastructure.csproj]
C:\Users\barak\source\repos\BookStore2\BookStore.Infrastructure\Bases\GenericRepository.cs(10,41): error CS0535: 'GenericRepository<T>' does not implement interface member 'IGenericRepository<T>.CountAsync(ISpecification<T>)' [C:\Users\barak\source\repos\BookStore2\BookStore.Infrastructure\BookStore.Infrastructure.csproj]
C:\Users\barak\source\repos\BookStore2\BookStore.Infrastructure\Bases\GenericRepository.cs(10,41): error CS0535: 'GenericRepository<T>' does not implement interface member 'IGenericRepository<T>.GetPagedWithSpecAsync(ISpecification<T>)' [C:\Users\barak\source\repos\BookStore2\BookStore.Infrastructure\BookStore.Infrastructure.csproj]

Build FAILED.
    0 Warning(s)
    8 Error(s)

Time Elapsed 00:00:04.06
